<html>
<body>
<pre>
<h1>µVision Build Log</h1>
<h2>Project:</h2>
C:\Users\WuZhiTao\Desktop\My_Temp_Project\STM32F103_STDLIB_NET\USER\STM32F103_STDLIB_NET.uvproj
Project File Date:  12/07/2014

<h2>Output:</h2>
Build target 'Target 1'
assembling startup_stm32f10x_hd.s...
compiling core_cm3.c...
compiling system_stm32f10x.c...
compiling misc.c...
compiling stm32f10x_adc.c...
compiling stm32f10x_bkp.c...
compiling stm32f10x_can.c...
compiling stm32f10x_cec.c...
compiling stm32f10x_crc.c...
compiling stm32f10x_dac.c...
compiling stm32f10x_dbgmcu.c...
compiling stm32f10x_dma.c...
compiling stm32f10x_exti.c...
compiling stm32f10x_flash.c...
compiling stm32f10x_fsmc.c...
compiling stm32f10x_gpio.c...
compiling stm32f10x_i2c.c...
compiling stm32f10x_iwdg.c...
compiling stm32f10x_pwr.c...
compiling stm32f10x_rcc.c...
compiling stm32f10x_rtc.c...
compiling stm32f10x_sdio.c...
compiling stm32f10x_spi.c...
compiling stm32f10x_tim.c...
compiling stm32f10x_usart.c...
compiling stm32f10x_wwdg.c...
compiling FSMC.c...
compiling key.c...
..\HARDWARE\KEY\key.c(9): error:  #5: cannot open source input file "includes.h": No such file or directory
compiling led.c...
compiling spi.c...
compiling TFT_driver.c...
..\HARDWARE\TFT\TFT_driver.c(176): warning:  #223-D: function "abs" declared implicitly
compiling touch.c...
..\HARDWARE\TOUCH\touch.c(9): error:  #5: cannot open source input file "includes.h": No such file or directory
compiling Com.c...
..\HARDWARE\usart\Com.c(1): error:  #5: cannot open source input file "includes.h": No such file or directory
compiling mmcbb.c...
compiling main.c...
compiling stm32f10x_it.c...
Target not created
Build target 'Target 1'
compiling key.c...
compiling touch.c...
compiling Com.c...
..\HARDWARE\usart\Com.c(1): error:  #5: cannot open source input file "includes.h": No such file or directory
Target not created
Build target 'Target 1'
compiling Com.c...
linking...
Program Size: Code=2752 RO-data=336 RW-data=44 ZI-data=1636  
"..\OUTPUT\STM32F103_STDLIB_NET.axf" - 0 Error(s), 0 Warning(s).
Load "..\\OUTPUT\\STM32F103_STDLIB_NET.AXF" 
* JLink Info: Device "STM32F103VE" selected (512 KB flash, 64 KB RAM).
Set JLink Project File to "C:\Users\WuZhiTao\Desktop\My_Temp_Project\STM32F103_STDLIB_NET\USER\JLinkSettings.ini"
 
JLink info:
------------
DLL: V4.50j, compiled Jun 26 2012 09:19:07
Firmware: J-Link ARM V8 compiled Jul 17 2014 12:31:18
Hardware: V8.00
S/N : 270676280 
Feature(s) : RDI,FlashDL,FlashBP,JFlash,GDBFULL 
 
* JLink Info: Found SWD-DP with ID 0x1BA01477
* JLink Info: Found SWD-DP with ID 0x1BA01477
* JLink Info: TPIU fitted.
* JLink Info: ETM fitted.
* JLink Info: FPUnit: 6 code (BP) slots and 2 literal slots
* JLink Info: Found Cortex-M3 r1p1, Little endian.
ROMTableAddr = 0xE00FF003
 
Target info:
------------
Device: STM32F103VE
VTarget = 3.351V
State of Pins: 
TCK: 0, TDI: 1, TDO: 0, TMS: 1, TRES: 1, TRST: 1
Hardware-Breakpoints: 6
Software-Breakpoints: 8192
Watchpoints:          4
JTAG speed: 2000 kHz
 
Erase Done.
Programming Done.
Verify OK.
Build target 'Target 1'
compiling led.c...
compiling main.c...
linking...
Program Size: Code=2724 RO-data=336 RW-data=40 ZI-data=1632  
"..\OUTPUT\STM32F103_STDLIB_NET.axf" - 0 Error(s), 0 Warning(s).
Load "..\\OUTPUT\\STM32F103_STDLIB_NET.AXF" 
* JLink Info: Device "STM32F103VE" selected (512 KB flash, 64 KB RAM).
Set JLink Project File to "C:\Users\WuZhiTao\Desktop\My_Temp_Project\STM32F103_STDLIB_NET\USER\JLinkSettings.ini"
 
JLink info:
------------
DLL: V4.50j, compiled Jun 26 2012 09:19:07
Firmware: J-Link ARM V8 compiled Jul 17 2014 12:31:18
Hardware: V8.00
S/N : 270676280 
Feature(s) : RDI,FlashDL,FlashBP,JFlash,GDBFULL 
 
* JLink Info: Found SWD-DP with ID 0x1BA01477
* JLink Info: Found SWD-DP with ID 0x1BA01477
* JLink Info: TPIU fitted.
* JLink Info: ETM fitted.
* JLink Info: FPUnit: 6 code (BP) slots and 2 literal slots
* JLink Info: Found Cortex-M3 r1p1, Little endian.
ROMTableAddr = 0xE00FF003
 
Target info:
------------
Device: STM32F103VE
VTarget = 3.351V
State of Pins: 
TCK: 0, TDI: 1, TDO: 0, TMS: 1, TRES: 1, TRST: 1
Hardware-Breakpoints: 6
Software-Breakpoints: 8192
Watchpoints:          4
JTAG speed: 2000 kHz
 
Erase Done.
Programming Done.
Verify OK.
Build target 'Target 1'
compiling core_cm3.c...
compiling system_stm32f10x.c...
compiling misc.c...
compiling stm32f10x_adc.c...
compiling stm32f10x_bkp.c...
compiling stm32f10x_can.c...
compiling stm32f10x_cec.c...
compiling stm32f10x_crc.c...
compiling stm32f10x_dac.c...
compiling stm32f10x_dbgmcu.c...
compiling stm32f10x_dma.c...
compiling stm32f10x_exti.c...
compiling stm32f10x_flash.c...
compiling stm32f10x_fsmc.c...
compiling stm32f10x_gpio.c...
compiling stm32f10x_i2c.c...
compiling stm32f10x_iwdg.c...
compiling stm32f10x_pwr.c...
compiling stm32f10x_rcc.c...
compiling stm32f10x_rtc.c...
compiling stm32f10x_sdio.c...
compiling stm32f10x_spi.c...
compiling stm32f10x_tim.c...
compiling stm32f10x_usart.c...
compiling stm32f10x_wwdg.c...
compiling FSMC.c...
compiling key.c...
compiling led.c...
compiling spi.c...
compiling TFT_driver.c...
..\HARDWARE\TFT\TFT_driver.c(176): warning:  #223-D: function "abs" declared implicitly
compiling touch.c...
compiling Com.c...
compiling mmcbb.c...
compiling main.c...
main.c(4): error:  #5: cannot open source input file "systick.h": No such file or directory
compiling stm32f10x_it.c...
Target not created
Build target 'Target 1'
compiling main.c...
linking...
Program Size: Code=12030 RO-data=4730 RW-data=44 ZI-data=1692  
"..\OUTPUT\STM32F103_STDLIB_NET.axf" - 0 Error(s), 0 Warning(s).
Load "..\\OUTPUT\\STM32F103_STDLIB_NET.AXF" 
* JLink Info: Device "STM32F103VE" selected (512 KB flash, 64 KB RAM).
Set JLink Project File to "C:\Users\WuZhiTao\Desktop\My_Temp_Project\STM32F103_STDLIB_NET\USER\JLinkSettings.ini"
 
JLink info:
------------
DLL: V4.50j, compiled Jun 26 2012 09:19:07
Firmware: J-Link ARM V8 compiled Jul 17 2014 12:31:18
Hardware: V8.00
S/N : 270676280 
Feature(s) : RDI,FlashDL,FlashBP,JFlash,GDBFULL 
 
* JLink Info: Found SWD-DP with ID 0x1BA01477
* JLink Info: Found SWD-DP with ID 0x1BA01477
* JLink Info: TPIU fitted.
* JLink Info: ETM fitted.
* JLink Info: FPUnit: 6 code (BP) slots and 2 literal slots
* JLink Info: Found Cortex-M3 r1p1, Little endian.
ROMTableAddr = 0xE00FF003
 
Target info:
------------
Device: STM32F103VE
VTarget = 3.351V
State of Pins: 
TCK: 0, TDI: 1, TDO: 0, TMS: 1, TRES: 1, TRST: 1
Hardware-Breakpoints: 6
Software-Breakpoints: 8192
Watchpoints:          4
JTAG speed: 2000 kHz
 
Erase Done.
Programming Done.
Verify OK.
